[2025-03-15T17:31:31.192+0700][gc,init] CardTable entry size: 512
[2025-03-15T17:31:31.192+0700][gc     ] Using G1
[2025-03-15T17:31:31.197+0700][gc,init] Version: 23.0.1+11 (release)
[2025-03-15T17:31:31.197+0700][gc,init] CPUs: 12 total, 12 available
[2025-03-15T17:31:31.197+0700][gc,init] Memory: 32768M
[2025-03-15T17:31:31.197+0700][gc,init] Large Page Support: Disabled
[2025-03-15T17:31:31.197+0700][gc,init] NUMA Support: Disabled
[2025-03-15T17:31:31.197+0700][gc,init] Compressed Oops: Enabled (Zero based)
[2025-03-15T17:31:31.197+0700][gc,init] Heap Region Size: 1M
[2025-03-15T17:31:31.197+0700][gc,init] Heap Min Capacity: 1G
[2025-03-15T17:31:31.197+0700][gc,init] Heap Initial Capacity: 1G
[2025-03-15T17:31:31.197+0700][gc,init] Heap Max Capacity: 1G
[2025-03-15T17:31:31.197+0700][gc,init] Pre-touch: Disabled
[2025-03-15T17:31:31.197+0700][gc,init] Parallel Workers: 10
[2025-03-15T17:31:31.197+0700][gc,init] Concurrent Workers: 3
[2025-03-15T17:31:31.197+0700][gc,init] Concurrent Refinement Workers: 10
[2025-03-15T17:31:31.198+0700][gc,init] Periodic GC: Disabled
[2025-03-15T17:31:31.204+0700][gc,metaspace] CDS archive(s) mapped at: [0x0000000125000000-0x0000000125d8f000-0x0000000125d8f000), size 14217216, SharedBaseAddress: 0x0000000125000000, ArchiveRelocationMode: 1.
[2025-03-15T17:31:31.204+0700][gc,metaspace] Compressed class space mapped at: 0x0000000126000000-0x0000000166000000, reserved size: 1073741824
[2025-03-15T17:31:31.205+0700][gc,metaspace] Narrow klass base: 0x0000000125000000, Narrow klass shift: 0, Narrow klass range: 0x100000000
[2025-03-15T17:31:37.446+0700][gc,start    ] GC(0) Pause Young (Normal) (G1 Evacuation Pause)
[2025-03-15T17:31:37.447+0700][gc,task     ] GC(0) Using 10 workers of 10 for evacuation
[2025-03-15T17:31:37.452+0700][gc,phases   ] GC(0)   Pre Evacuate Collection Set: 0.14ms
[2025-03-15T17:31:37.452+0700][gc,phases   ] GC(0)   Merge Heap Roots: 0.14ms
[2025-03-15T17:31:37.452+0700][gc,phases   ] GC(0)   Evacuate Collection Set: 3.74ms
[2025-03-15T17:31:37.452+0700][gc,phases   ] GC(0)   Post Evacuate Collection Set: 0.90ms
[2025-03-15T17:31:37.452+0700][gc,phases   ] GC(0)   Other: 0.81ms
[2025-03-15T17:31:37.452+0700][gc,heap     ] GC(0) Eden regions: 51->0(44)
[2025-03-15T17:31:37.452+0700][gc,heap     ] GC(0) Survivor regions: 0->7(7)
[2025-03-15T17:31:37.452+0700][gc,heap     ] GC(0) Old regions: 2->4
[2025-03-15T17:31:37.452+0700][gc,heap     ] GC(0) Humongous regions: 0->0
[2025-03-15T17:31:37.452+0700][gc,metaspace] GC(0) Metaspace: 16884K(17152K)->16884K(17152K) NonClass: 14826K(14976K)->14826K(14976K) Class: 2057K(2176K)->2057K(2176K)
[2025-03-15T17:31:37.452+0700][gc          ] GC(0) Pause Young (Normal) (G1 Evacuation Pause) 52M->9M(1024M) 6.004ms
[2025-03-15T17:31:37.452+0700][gc,cpu      ] GC(0) User=0.02s Sys=0.01s Real=0.01s
[2025-03-15T17:31:37.645+0700][gc,start    ] GC(1) Pause Young (Concurrent Start) (Metadata GC Threshold)
[2025-03-15T17:31:37.645+0700][gc,task     ] GC(1) Using 10 workers of 10 for evacuation
[2025-03-15T17:31:37.649+0700][gc,phases   ] GC(1)   Pre Evacuate Collection Set: 0.17ms
[2025-03-15T17:31:37.649+0700][gc,phases   ] GC(1)   Merge Heap Roots: 0.07ms
[2025-03-15T17:31:37.649+0700][gc,phases   ] GC(1)   Evacuate Collection Set: 3.97ms
[2025-03-15T17:31:37.649+0700][gc,phases   ] GC(1)   Post Evacuate Collection Set: 0.36ms
[2025-03-15T17:31:37.649+0700][gc,phases   ] GC(1)   Other: 0.11ms
[2025-03-15T17:31:37.649+0700][gc,heap     ] GC(1) Eden regions: 17->0(49)
[2025-03-15T17:31:37.649+0700][gc,heap     ] GC(1) Survivor regions: 7->2(7)
[2025-03-15T17:31:37.649+0700][gc,heap     ] GC(1) Old regions: 4->11
[2025-03-15T17:31:37.649+0700][gc,heap     ] GC(1) Humongous regions: 0->0
[2025-03-15T17:31:37.649+0700][gc,metaspace] GC(1) Metaspace: 21300K(21504K)->21300K(21504K) NonClass: 18706K(18816K)->18706K(18816K) Class: 2594K(2688K)->2594K(2688K)
[2025-03-15T17:31:37.649+0700][gc          ] GC(1) Pause Young (Concurrent Start) (Metadata GC Threshold) 26M->11M(1024M) 4.947ms
[2025-03-15T17:31:37.650+0700][gc,cpu      ] GC(1) User=0.02s Sys=0.01s Real=0.01s
[2025-03-15T17:31:37.650+0700][gc          ] GC(2) Concurrent Mark Cycle
[2025-03-15T17:31:37.650+0700][gc,marking  ] GC(2) Concurrent Scan Root Regions
[2025-03-15T17:31:37.651+0700][gc,marking  ] GC(2) Concurrent Scan Root Regions 1.507ms
[2025-03-15T17:31:37.651+0700][gc,marking  ] GC(2) Concurrent Mark
[2025-03-15T17:31:37.651+0700][gc,marking  ] GC(2) Concurrent Mark From Roots
[2025-03-15T17:31:37.651+0700][gc,task     ] GC(2) Using 3 workers of 3 for marking
[2025-03-15T17:31:37.653+0700][gc,marking  ] GC(2) Concurrent Mark From Roots 1.696ms
[2025-03-15T17:31:37.653+0700][gc,marking  ] GC(2) Concurrent Preclean
[2025-03-15T17:31:37.653+0700][gc,marking  ] GC(2) Concurrent Preclean 0.018ms
[2025-03-15T17:31:37.653+0700][gc,start    ] GC(2) Pause Remark
[2025-03-15T17:31:37.654+0700][gc          ] GC(2) Pause Remark 11M->11M(1024M) 1.503ms
[2025-03-15T17:31:37.655+0700][gc,cpu      ] GC(2) User=0.01s Sys=0.00s Real=0.00s
[2025-03-15T17:31:37.655+0700][gc,marking  ] GC(2) Concurrent Mark 3.436ms
[2025-03-15T17:31:37.655+0700][gc,marking  ] GC(2) Concurrent Rebuild Remembered Sets and Scrub Regions
[2025-03-15T17:31:37.656+0700][gc,marking  ] GC(2) Concurrent Rebuild Remembered Sets and Scrub Regions 1.694ms
[2025-03-15T17:31:37.656+0700][gc,start    ] GC(2) Pause Cleanup
[2025-03-15T17:31:37.656+0700][gc          ] GC(2) Pause Cleanup 11M->11M(1024M) 0.052ms
[2025-03-15T17:31:37.656+0700][gc,cpu      ] GC(2) User=0.00s Sys=0.00s Real=0.00s
[2025-03-15T17:31:37.657+0700][gc,marking  ] GC(2) Concurrent Clear Claimed Marks
[2025-03-15T17:31:37.657+0700][gc,marking  ] GC(2) Concurrent Clear Claimed Marks 0.036ms
[2025-03-15T17:31:37.657+0700][gc,marking  ] GC(2) Concurrent Cleanup for Next Mark
[2025-03-15T17:31:37.665+0700][gc,marking  ] GC(2) Concurrent Cleanup for Next Mark 8.039ms
[2025-03-15T17:31:37.665+0700][gc          ] GC(2) Concurrent Mark Cycle 15.227ms
[2025-03-15T17:31:38.335+0700][gc,start    ] GC(3) Pause Young (Prepare Mixed) (G1 Evacuation Pause)
[2025-03-15T17:31:38.335+0700][gc,task     ] GC(3) Using 10 workers of 10 for evacuation
[2025-03-15T17:31:38.340+0700][gc,phases   ] GC(3)   Pre Evacuate Collection Set: 0.24ms
[2025-03-15T17:31:38.340+0700][gc,phases   ] GC(3)   Merge Heap Roots: 0.09ms
[2025-03-15T17:31:38.340+0700][gc,phases   ] GC(3)   Evacuate Collection Set: 3.56ms
[2025-03-15T17:31:38.340+0700][gc,phases   ] GC(3)   Post Evacuate Collection Set: 0.58ms
[2025-03-15T17:31:38.340+0700][gc,phases   ] GC(3)   Other: 0.12ms
[2025-03-15T17:31:38.340+0700][gc,heap     ] GC(3) Eden regions: 49->0(45)
[2025-03-15T17:31:38.340+0700][gc,heap     ] GC(3) Survivor regions: 2->6(7)
[2025-03-15T17:31:38.340+0700][gc,heap     ] GC(3) Old regions: 11->11
[2025-03-15T17:31:38.340+0700][gc,heap     ] GC(3) Humongous regions: 129->129
[2025-03-15T17:31:38.340+0700][gc,metaspace] GC(3) Metaspace: 32642K(32896K)->32642K(32896K) NonClass: 28966K(29120K)->28966K(29120K) Class: 3676K(3776K)->3676K(3776K)
[2025-03-15T17:31:38.340+0700][gc          ] GC(3) Pause Young (Prepare Mixed) (G1 Evacuation Pause) 188M->144M(1024M) 4.830ms
[2025-03-15T17:31:38.340+0700][gc,cpu      ] GC(3) User=0.03s Sys=0.00s Real=0.01s
[2025-03-15T17:31:38.544+0700][gc,start    ] GC(4) Pause Young (Mixed) (Metadata GC Threshold)
[2025-03-15T17:31:38.544+0700][gc,task     ] GC(4) Using 10 workers of 10 for evacuation
[2025-03-15T17:31:38.548+0700][gc,phases   ] GC(4)   Pre Evacuate Collection Set: 0.18ms
[2025-03-15T17:31:38.548+0700][gc,phases   ] GC(4)   Merge Heap Roots: 0.05ms
[2025-03-15T17:31:38.549+0700][gc,phases   ] GC(4)   Evacuate Collection Set: 3.70ms
[2025-03-15T17:31:38.549+0700][gc,phases   ] GC(4)   Post Evacuate Collection Set: 0.38ms
[2025-03-15T17:31:38.549+0700][gc,phases   ] GC(4)   Other: 0.09ms
[2025-03-15T17:31:38.549+0700][gc,heap     ] GC(4) Eden regions: 13->0(49)
[2025-03-15T17:31:38.549+0700][gc,heap     ] GC(4) Survivor regions: 6->2(7)
[2025-03-15T17:31:38.549+0700][gc,heap     ] GC(4) Old regions: 11->16
[2025-03-15T17:31:38.549+0700][gc,heap     ] GC(4) Humongous regions: 129->129
[2025-03-15T17:31:38.549+0700][gc,metaspace] GC(4) Metaspace: 35632K(35968K)->35632K(35968K) NonClass: 31568K(31744K)->31568K(31744K) Class: 4064K(4224K)->4064K(4224K)
[2025-03-15T17:31:38.549+0700][gc          ] GC(4) Pause Young (Mixed) (Metadata GC Threshold) 157M->146M(1024M) 4.643ms
[2025-03-15T17:31:38.549+0700][gc,cpu      ] GC(4) User=0.03s Sys=0.01s Real=0.00s
[2025-03-15T17:31:38.570+0700][gc,start    ] GC(5) Pause Young (Concurrent Start) (Metadata GC Threshold)
[2025-03-15T17:31:38.570+0700][gc,task     ] GC(5) Using 10 workers of 10 for evacuation
[2025-03-15T17:31:38.571+0700][gc,phases   ] GC(5)   Pre Evacuate Collection Set: 0.18ms
[2025-03-15T17:31:38.571+0700][gc,phases   ] GC(5)   Merge Heap Roots: 0.07ms
[2025-03-15T17:31:38.571+0700][gc,phases   ] GC(5)   Evacuate Collection Set: 0.66ms
[2025-03-15T17:31:38.571+0700][gc,phases   ] GC(5)   Post Evacuate Collection Set: 0.28ms
[2025-03-15T17:31:38.571+0700][gc,phases   ] GC(5)   Other: 0.13ms
[2025-03-15T17:31:38.571+0700][gc,heap     ] GC(5) Eden regions: 2->0(50)
[2025-03-15T17:31:38.571+0700][gc,heap     ] GC(5) Survivor regions: 2->1(7)
[2025-03-15T17:31:38.571+0700][gc,heap     ] GC(5) Old regions: 16->16
[2025-03-15T17:31:38.571+0700][gc,heap     ] GC(5) Humongous regions: 129->129
[2025-03-15T17:31:38.572+0700][gc,metaspace] GC(5) Metaspace: 35932K(36288K)->35932K(36288K) NonClass: 31824K(32000K)->31824K(32000K) Class: 4107K(4288K)->4107K(4288K)
[2025-03-15T17:31:38.572+0700][gc          ] GC(5) Pause Young (Concurrent Start) (Metadata GC Threshold) 147M->145M(1024M) 1.519ms
[2025-03-15T17:31:38.572+0700][gc,cpu      ] GC(5) User=0.01s Sys=0.00s Real=0.00s
[2025-03-15T17:31:38.572+0700][gc          ] GC(6) Concurrent Mark Cycle
[2025-03-15T17:31:38.572+0700][gc,marking  ] GC(6) Concurrent Scan Root Regions
[2025-03-15T17:31:38.573+0700][gc,marking  ] GC(6) Concurrent Scan Root Regions 1.105ms
[2025-03-15T17:31:38.573+0700][gc,marking  ] GC(6) Concurrent Mark
[2025-03-15T17:31:38.573+0700][gc,marking  ] GC(6) Concurrent Mark From Roots
[2025-03-15T17:31:38.573+0700][gc,task     ] GC(6) Using 3 workers of 3 for marking
[2025-03-15T17:31:38.581+0700][gc,marking  ] GC(6) Concurrent Mark From Roots 8.350ms
[2025-03-15T17:31:38.581+0700][gc,marking  ] GC(6) Concurrent Preclean
[2025-03-15T17:31:38.581+0700][gc,marking  ] GC(6) Concurrent Preclean 0.050ms
[2025-03-15T17:31:38.581+0700][gc,start    ] GC(6) Pause Remark
[2025-03-15T17:31:38.583+0700][gc          ] GC(6) Pause Remark 146M->146M(1024M) 1.568ms
[2025-03-15T17:31:38.583+0700][gc,cpu      ] GC(6) User=0.01s Sys=0.00s Real=0.00s
[2025-03-15T17:31:38.583+0700][gc,marking  ] GC(6) Concurrent Mark 10.211ms
[2025-03-15T17:31:38.583+0700][gc,marking  ] GC(6) Concurrent Rebuild Remembered Sets and Scrub Regions
[2025-03-15T17:31:38.587+0700][gc,marking  ] GC(6) Concurrent Rebuild Remembered Sets and Scrub Regions 4.050ms
[2025-03-15T17:31:38.587+0700][gc,start    ] GC(6) Pause Cleanup
[2025-03-15T17:31:38.587+0700][gc          ] GC(6) Pause Cleanup 146M->146M(1024M) 0.049ms
[2025-03-15T17:31:38.587+0700][gc,cpu      ] GC(6) User=0.00s Sys=0.00s Real=0.00s
[2025-03-15T17:31:38.587+0700][gc,marking  ] GC(6) Concurrent Clear Claimed Marks
[2025-03-15T17:31:38.587+0700][gc,marking  ] GC(6) Concurrent Clear Claimed Marks 0.041ms
[2025-03-15T17:31:38.587+0700][gc,marking  ] GC(6) Concurrent Cleanup for Next Mark
[2025-03-15T17:31:38.589+0700][gc,marking  ] GC(6) Concurrent Cleanup for Next Mark 1.419ms
[2025-03-15T17:31:38.589+0700][gc          ] GC(6) Concurrent Mark Cycle 17.198ms
[2025-03-15T17:40:33.641+0700][gc,heap,exit] Heap
[2025-03-15T17:40:33.641+0700][gc,heap,exit]  garbage-first heap   total reserved 1048576K, committed 1048576K, used 172709K [0x00000007c0000000, 0x0000000800000000)
[2025-03-15T17:40:33.641+0700][gc,heap,exit]   region size 1024K, 24 young (24576K), 1 survivors (1024K)
[2025-03-15T17:40:33.641+0700][gc,heap,exit]  Metaspace       used 38137K, committed 38464K, reserved 1114112K
[2025-03-15T17:40:33.641+0700][gc,heap,exit]   class space    used 4459K, committed 4608K, reserved 1048576K
