[2025-03-25T11:40:57.249+0700][gc,init] CardTable entry size: 512
[2025-03-25T11:40:57.249+0700][gc     ] Using G1
[2025-03-25T11:40:57.254+0700][gc,init] Version: 23.0.1+11 (release)
[2025-03-25T11:40:57.254+0700][gc,init] CPUs: 12 total, 12 available
[2025-03-25T11:40:57.254+0700][gc,init] Memory: 32768M
[2025-03-25T11:40:57.254+0700][gc,init] Large Page Support: Disabled
[2025-03-25T11:40:57.254+0700][gc,init] NUMA Support: Disabled
[2025-03-25T11:40:57.254+0700][gc,init] Compressed Oops: Enabled (Zero based)
[2025-03-25T11:40:57.254+0700][gc,init] Heap Region Size: 1M
[2025-03-25T11:40:57.254+0700][gc,init] Heap Min Capacity: 1G
[2025-03-25T11:40:57.254+0700][gc,init] Heap Initial Capacity: 1G
[2025-03-25T11:40:57.254+0700][gc,init] Heap Max Capacity: 1G
[2025-03-25T11:40:57.254+0700][gc,init] Pre-touch: Disabled
[2025-03-25T11:40:57.254+0700][gc,init] Parallel Workers: 10
[2025-03-25T11:40:57.254+0700][gc,init] Concurrent Workers: 3
[2025-03-25T11:40:57.254+0700][gc,init] Concurrent Refinement Workers: 10
[2025-03-25T11:40:57.254+0700][gc,init] Periodic GC: Disabled
[2025-03-25T11:40:57.260+0700][gc,metaspace] CDS archive(s) mapped at: [0x000000012b000000-0x000000012bd8f000-0x000000012bd8f000), size 14217216, SharedBaseAddress: 0x000000012b000000, ArchiveRelocationMode: 1.
[2025-03-25T11:40:57.260+0700][gc,metaspace] Compressed class space mapped at: 0x000000012c000000-0x000000016c000000, reserved size: 1073741824
[2025-03-25T11:40:57.260+0700][gc,metaspace] Narrow klass base: 0x000000012b000000, Narrow klass shift: 0, Narrow klass range: 0x100000000
[2025-03-25T11:41:03.787+0700][gc,start    ] GC(0) Pause Young (Normal) (G1 Evacuation Pause)
[2025-03-25T11:41:03.788+0700][gc,task     ] GC(0) Using 10 workers of 10 for evacuation
[2025-03-25T11:41:03.793+0700][gc,phases   ] GC(0)   Pre Evacuate Collection Set: 0.14ms
[2025-03-25T11:41:03.793+0700][gc,phases   ] GC(0)   Merge Heap Roots: 0.11ms
[2025-03-25T11:41:03.793+0700][gc,phases   ] GC(0)   Evacuate Collection Set: 3.17ms
[2025-03-25T11:41:03.793+0700][gc,phases   ] GC(0)   Post Evacuate Collection Set: 0.94ms
[2025-03-25T11:41:03.793+0700][gc,phases   ] GC(0)   Other: 0.94ms
[2025-03-25T11:41:03.793+0700][gc,heap     ] GC(0) Eden regions: 51->0(44)
[2025-03-25T11:41:03.793+0700][gc,heap     ] GC(0) Survivor regions: 0->7(7)
[2025-03-25T11:41:03.793+0700][gc,heap     ] GC(0) Old regions: 2->4
[2025-03-25T11:41:03.793+0700][gc,heap     ] GC(0) Humongous regions: 0->0
[2025-03-25T11:41:03.793+0700][gc,metaspace] GC(0) Metaspace: 16906K(17152K)->16906K(17152K) NonClass: 14846K(14976K)->14846K(14976K) Class: 2059K(2176K)->2059K(2176K)
[2025-03-25T11:41:03.793+0700][gc          ] GC(0) Pause Young (Normal) (G1 Evacuation Pause) 52M->9M(1024M) 5.555ms
[2025-03-25T11:41:03.793+0700][gc,cpu      ] GC(0) User=0.03s Sys=0.02s Real=0.01s
[2025-03-25T11:41:04.139+0700][gc,start    ] GC(1) Pause Young (Concurrent Start) (Metadata GC Threshold)
[2025-03-25T11:41:04.140+0700][gc,task     ] GC(1) Using 10 workers of 10 for evacuation
[2025-03-25T11:41:04.143+0700][gc,phases   ] GC(1)   Pre Evacuate Collection Set: 0.20ms
[2025-03-25T11:41:04.143+0700][gc,phases   ] GC(1)   Merge Heap Roots: 0.07ms
[2025-03-25T11:41:04.143+0700][gc,phases   ] GC(1)   Evacuate Collection Set: 3.07ms
[2025-03-25T11:41:04.144+0700][gc,phases   ] GC(1)   Post Evacuate Collection Set: 0.38ms
[2025-03-25T11:41:04.144+0700][gc,phases   ] GC(1)   Other: 0.17ms
[2025-03-25T11:41:04.144+0700][gc,heap     ] GC(1) Eden regions: 17->0(49)
[2025-03-25T11:41:04.144+0700][gc,heap     ] GC(1) Survivor regions: 7->2(7)
[2025-03-25T11:41:04.144+0700][gc,heap     ] GC(1) Old regions: 4->11
[2025-03-25T11:41:04.144+0700][gc,heap     ] GC(1) Humongous regions: 0->0
[2025-03-25T11:41:04.144+0700][gc,metaspace] GC(1) Metaspace: 21225K(21504K)->21225K(21504K) NonClass: 18633K(18752K)->18633K(18752K) Class: 2591K(2752K)->2591K(2752K)
[2025-03-25T11:41:04.144+0700][gc          ] GC(1) Pause Young (Concurrent Start) (Metadata GC Threshold) 25M->11M(1024M) 4.143ms
[2025-03-25T11:41:04.144+0700][gc,cpu      ] GC(1) User=0.02s Sys=0.01s Real=0.01s
[2025-03-25T11:41:04.144+0700][gc          ] GC(2) Concurrent Mark Cycle
[2025-03-25T11:41:04.144+0700][gc,marking  ] GC(2) Concurrent Scan Root Regions
[2025-03-25T11:41:04.145+0700][gc,marking  ] GC(2) Concurrent Scan Root Regions 1.415ms
[2025-03-25T11:41:04.145+0700][gc,marking  ] GC(2) Concurrent Mark
[2025-03-25T11:41:04.145+0700][gc,marking  ] GC(2) Concurrent Mark From Roots
[2025-03-25T11:41:04.145+0700][gc,task     ] GC(2) Using 3 workers of 3 for marking
[2025-03-25T11:41:04.147+0700][gc,marking  ] GC(2) Concurrent Mark From Roots 1.601ms
[2025-03-25T11:41:04.147+0700][gc,marking  ] GC(2) Concurrent Preclean
[2025-03-25T11:41:04.147+0700][gc,marking  ] GC(2) Concurrent Preclean 0.031ms
[2025-03-25T11:41:04.147+0700][gc,start    ] GC(2) Pause Remark
[2025-03-25T11:41:04.149+0700][gc          ] GC(2) Pause Remark 11M->11M(1024M) 1.477ms
[2025-03-25T11:41:04.149+0700][gc,cpu      ] GC(2) User=0.00s Sys=0.00s Real=0.00s
[2025-03-25T11:41:04.149+0700][gc,marking  ] GC(2) Concurrent Mark 3.557ms
[2025-03-25T11:41:04.149+0700][gc,marking  ] GC(2) Concurrent Rebuild Remembered Sets and Scrub Regions
[2025-03-25T11:41:04.150+0700][gc,marking  ] GC(2) Concurrent Rebuild Remembered Sets and Scrub Regions 1.512ms
[2025-03-25T11:41:04.150+0700][gc,start    ] GC(2) Pause Cleanup
[2025-03-25T11:41:04.150+0700][gc          ] GC(2) Pause Cleanup 11M->11M(1024M) 0.039ms
[2025-03-25T11:41:04.150+0700][gc,cpu      ] GC(2) User=0.00s Sys=0.00s Real=0.00s
[2025-03-25T11:41:04.151+0700][gc,marking  ] GC(2) Concurrent Clear Claimed Marks
[2025-03-25T11:41:04.151+0700][gc,marking  ] GC(2) Concurrent Clear Claimed Marks 0.034ms
[2025-03-25T11:41:04.151+0700][gc,marking  ] GC(2) Concurrent Cleanup for Next Mark
[2025-03-25T11:41:04.154+0700][gc,marking  ] GC(2) Concurrent Cleanup for Next Mark 3.686ms
[2025-03-25T11:41:04.154+0700][gc          ] GC(2) Concurrent Mark Cycle 10.607ms
[2025-03-25T11:41:04.879+0700][gc,start    ] GC(3) Pause Young (Prepare Mixed) (G1 Evacuation Pause)
[2025-03-25T11:41:04.879+0700][gc,task     ] GC(3) Using 10 workers of 10 for evacuation
[2025-03-25T11:41:04.882+0700][gc,phases   ] GC(3)   Pre Evacuate Collection Set: 0.11ms
[2025-03-25T11:41:04.901+0700][gc,phases   ] GC(3)   Merge Heap Roots: 0.07ms
[2025-03-25T11:41:04.901+0700][gc,phases   ] GC(3)   Evacuate Collection Set: 2.46ms
[2025-03-25T11:41:04.901+0700][gc,phases   ] GC(3)   Post Evacuate Collection Set: 0.40ms
[2025-03-25T11:41:04.901+0700][gc,phases   ] GC(3)   Other: 0.10ms
[2025-03-25T11:41:04.901+0700][gc,heap     ] GC(3) Eden regions: 49->0(44)
[2025-03-25T11:41:04.901+0700][gc,heap     ] GC(3) Survivor regions: 2->7(7)
[2025-03-25T11:41:04.901+0700][gc,heap     ] GC(3) Old regions: 11->11
[2025-03-25T11:41:04.901+0700][gc,heap     ] GC(3) Humongous regions: 129->129
[2025-03-25T11:41:04.901+0700][gc,metaspace] GC(3) Metaspace: 32538K(32832K)->32538K(32832K) NonClass: 28876K(29056K)->28876K(29056K) Class: 3661K(3776K)->3661K(3776K)
[2025-03-25T11:41:04.901+0700][gc          ] GC(3) Pause Young (Prepare Mixed) (G1 Evacuation Pause) 189M->144M(1024M) 21.722ms
[2025-03-25T11:41:04.901+0700][gc,cpu      ] GC(3) User=0.03s Sys=0.00s Real=0.03s
[2025-03-25T11:41:05.105+0700][gc,start    ] GC(4) Pause Young (Mixed) (Metadata GC Threshold)
[2025-03-25T11:41:05.105+0700][gc,task     ] GC(4) Using 10 workers of 10 for evacuation
[2025-03-25T11:41:05.109+0700][gc,phases   ] GC(4)   Pre Evacuate Collection Set: 0.16ms
[2025-03-25T11:41:05.109+0700][gc,phases   ] GC(4)   Merge Heap Roots: 0.08ms
[2025-03-25T11:41:05.109+0700][gc,phases   ] GC(4)   Evacuate Collection Set: 3.45ms
[2025-03-25T11:41:05.109+0700][gc,phases   ] GC(4)   Post Evacuate Collection Set: 0.46ms
[2025-03-25T11:41:05.109+0700][gc,phases   ] GC(4)   Other: 0.09ms
[2025-03-25T11:41:05.109+0700][gc,heap     ] GC(4) Eden regions: 15->0(49)
[2025-03-25T11:41:05.109+0700][gc,heap     ] GC(4) Survivor regions: 7->2(7)
[2025-03-25T11:41:05.109+0700][gc,heap     ] GC(4) Old regions: 11->16
[2025-03-25T11:41:05.109+0700][gc,heap     ] GC(4) Humongous regions: 129->129
[2025-03-25T11:41:05.109+0700][gc,metaspace] GC(4) Metaspace: 35828K(36096K)->35828K(36096K) NonClass: 31736K(31872K)->31736K(31872K) Class: 4092K(4224K)->4092K(4224K)
[2025-03-25T11:41:05.109+0700][gc          ] GC(4) Pause Young (Mixed) (Metadata GC Threshold) 159M->146M(1024M) 4.468ms
[2025-03-25T11:41:05.109+0700][gc,cpu      ] GC(4) User=0.04s Sys=0.01s Real=0.00s
[2025-03-25T11:41:05.128+0700][gc,start    ] GC(5) Pause Young (Concurrent Start) (Metadata GC Threshold)
[2025-03-25T11:41:05.128+0700][gc,task     ] GC(5) Using 10 workers of 10 for evacuation
[2025-03-25T11:41:05.130+0700][gc,phases   ] GC(5)   Pre Evacuate Collection Set: 0.15ms
[2025-03-25T11:41:05.130+0700][gc,phases   ] GC(5)   Merge Heap Roots: 0.07ms
[2025-03-25T11:41:05.130+0700][gc,phases   ] GC(5)   Evacuate Collection Set: 0.74ms
[2025-03-25T11:41:05.130+0700][gc,phases   ] GC(5)   Post Evacuate Collection Set: 0.26ms
[2025-03-25T11:41:05.130+0700][gc,phases   ] GC(5)   Other: 0.10ms
[2025-03-25T11:41:05.130+0700][gc,heap     ] GC(5) Eden regions: 2->0(50)
[2025-03-25T11:41:05.130+0700][gc,heap     ] GC(5) Survivor regions: 2->1(7)
[2025-03-25T11:41:05.130+0700][gc,heap     ] GC(5) Old regions: 16->16
[2025-03-25T11:41:05.130+0700][gc,heap     ] GC(5) Humongous regions: 129->129
[2025-03-25T11:41:05.130+0700][gc,metaspace] GC(5) Metaspace: 36128K(36416K)->36128K(36416K) NonClass: 31993K(32128K)->31993K(32128K) Class: 4135K(4288K)->4135K(4288K)
[2025-03-25T11:41:05.130+0700][gc          ] GC(5) Pause Young (Concurrent Start) (Metadata GC Threshold) 147M->145M(1024M) 1.496ms
[2025-03-25T11:41:05.130+0700][gc,cpu      ] GC(5) User=0.02s Sys=0.00s Real=0.01s
[2025-03-25T11:41:05.130+0700][gc          ] GC(6) Concurrent Mark Cycle
[2025-03-25T11:41:05.130+0700][gc,marking  ] GC(6) Concurrent Scan Root Regions
[2025-03-25T11:41:05.131+0700][gc,marking  ] GC(6) Concurrent Scan Root Regions 1.110ms
[2025-03-25T11:41:05.131+0700][gc,marking  ] GC(6) Concurrent Mark
[2025-03-25T11:41:05.131+0700][gc,marking  ] GC(6) Concurrent Mark From Roots
[2025-03-25T11:41:05.131+0700][gc,task     ] GC(6) Using 3 workers of 3 for marking
[2025-03-25T11:41:05.139+0700][gc,marking  ] GC(6) Concurrent Mark From Roots 8.313ms
[2025-03-25T11:41:05.139+0700][gc,marking  ] GC(6) Concurrent Preclean
[2025-03-25T11:41:05.139+0700][gc,marking  ] GC(6) Concurrent Preclean 0.040ms
[2025-03-25T11:41:05.139+0700][gc,start    ] GC(6) Pause Remark
[2025-03-25T11:41:05.141+0700][gc          ] GC(6) Pause Remark 146M->146M(1024M) 1.471ms
[2025-03-25T11:41:05.141+0700][gc,cpu      ] GC(6) User=0.01s Sys=0.00s Real=0.01s
[2025-03-25T11:41:05.141+0700][gc,marking  ] GC(6) Concurrent Mark 10.076ms
[2025-03-25T11:41:05.141+0700][gc,marking  ] GC(6) Concurrent Rebuild Remembered Sets and Scrub Regions
[2025-03-25T11:41:05.144+0700][gc,marking  ] GC(6) Concurrent Rebuild Remembered Sets and Scrub Regions 2.924ms
[2025-03-25T11:41:05.144+0700][gc,start    ] GC(6) Pause Cleanup
[2025-03-25T11:41:05.144+0700][gc          ] GC(6) Pause Cleanup 146M->146M(1024M) 0.048ms
[2025-03-25T11:41:05.144+0700][gc,cpu      ] GC(6) User=0.00s Sys=0.00s Real=0.00s
[2025-03-25T11:41:05.144+0700][gc,marking  ] GC(6) Concurrent Clear Claimed Marks
[2025-03-25T11:41:05.144+0700][gc,marking  ] GC(6) Concurrent Clear Claimed Marks 0.035ms
[2025-03-25T11:41:05.144+0700][gc,marking  ] GC(6) Concurrent Cleanup for Next Mark
[2025-03-25T11:41:05.146+0700][gc,marking  ] GC(6) Concurrent Cleanup for Next Mark 1.182ms
[2025-03-25T11:41:05.146+0700][gc          ] GC(6) Concurrent Mark Cycle 15.846ms
[2025-03-25T11:42:43.525+0700][gc,start    ] GC(7) Pause Young (Prepare Mixed) (G1 Evacuation Pause)
[2025-03-25T11:42:43.525+0700][gc,task     ] GC(7) Using 10 workers of 10 for evacuation
[2025-03-25T11:42:43.528+0700][gc,phases   ] GC(7)   Pre Evacuate Collection Set: 0.16ms
[2025-03-25T11:42:43.528+0700][gc,phases   ] GC(7)   Merge Heap Roots: 0.10ms
[2025-03-25T11:42:43.528+0700][gc,phases   ] GC(7)   Evacuate Collection Set: 2.23ms
[2025-03-25T11:42:43.528+0700][gc,phases   ] GC(7)   Post Evacuate Collection Set: 0.59ms
[2025-03-25T11:42:43.528+0700][gc,phases   ] GC(7)   Other: 0.09ms
[2025-03-25T11:42:43.528+0700][gc,heap     ] GC(7) Eden regions: 50->0(46)
[2025-03-25T11:42:43.528+0700][gc,heap     ] GC(7) Survivor regions: 1->5(7)
[2025-03-25T11:42:43.528+0700][gc,heap     ] GC(7) Old regions: 16->16
[2025-03-25T11:42:43.528+0700][gc,heap     ] GC(7) Humongous regions: 129->129
[2025-03-25T11:42:43.528+0700][gc,metaspace] GC(7) Metaspace: 42534K(43136K)->42534K(43136K) NonClass: 37345K(37696K)->37345K(37696K) Class: 5188K(5440K)->5188K(5440K)
[2025-03-25T11:42:43.528+0700][gc          ] GC(7) Pause Young (Prepare Mixed) (G1 Evacuation Pause) 195M->149M(1024M) 3.455ms
[2025-03-25T11:42:43.528+0700][gc,cpu      ] GC(7) User=0.02s Sys=0.00s Real=0.00s
[2025-03-25T11:42:45.524+0700][gc,heap,exit] Heap
[2025-03-25T11:42:45.524+0700][gc,heap,exit]  garbage-first heap   total reserved 1048576K, committed 1048576K, used 160717K [0x00000007c0000000, 0x0000000800000000)
[2025-03-25T11:42:45.524+0700][gc,heap,exit]   region size 1024K, 13 young (13312K), 5 survivors (5120K)
[2025-03-25T11:42:45.525+0700][gc,heap,exit]  Metaspace       used 43189K, committed 43840K, reserved 1114112K
[2025-03-25T11:42:45.525+0700][gc,heap,exit]   class space    used 5309K, committed 5568K, reserved 1048576K
