[2025-03-15T17:51:27.420+0700][gc,init] CardTable entry size: 512
[2025-03-15T17:51:27.421+0700][gc     ] Using G1
[2025-03-15T17:51:27.426+0700][gc,init] Version: 23.0.1+11 (release)
[2025-03-15T17:51:27.426+0700][gc,init] CPUs: 12 total, 12 available
[2025-03-15T17:51:27.426+0700][gc,init] Memory: 32768M
[2025-03-15T17:51:27.426+0700][gc,init] Large Page Support: Disabled
[2025-03-15T17:51:27.426+0700][gc,init] NUMA Support: Disabled
[2025-03-15T17:51:27.426+0700][gc,init] Compressed Oops: Enabled (Zero based)
[2025-03-15T17:51:27.426+0700][gc,init] Heap Region Size: 1M
[2025-03-15T17:51:27.426+0700][gc,init] Heap Min Capacity: 1G
[2025-03-15T17:51:27.426+0700][gc,init] Heap Initial Capacity: 1G
[2025-03-15T17:51:27.426+0700][gc,init] Heap Max Capacity: 1G
[2025-03-15T17:51:27.426+0700][gc,init] Pre-touch: Disabled
[2025-03-15T17:51:27.426+0700][gc,init] Parallel Workers: 10
[2025-03-15T17:51:27.426+0700][gc,init] Concurrent Workers: 3
[2025-03-15T17:51:27.426+0700][gc,init] Concurrent Refinement Workers: 10
[2025-03-15T17:51:27.426+0700][gc,init] Periodic GC: Disabled
[2025-03-15T17:51:27.433+0700][gc,metaspace] CDS archive(s) mapped at: [0x0000000121000000-0x0000000121d8f000-0x0000000121d8f000), size 14217216, SharedBaseAddress: 0x0000000121000000, ArchiveRelocationMode: 1.
[2025-03-15T17:51:27.433+0700][gc,metaspace] Compressed class space mapped at: 0x0000000122000000-0x0000000162000000, reserved size: 1073741824
[2025-03-15T17:51:27.433+0700][gc,metaspace] Narrow klass base: 0x0000000121000000, Narrow klass shift: 0, Narrow klass range: 0x100000000
[2025-03-15T17:51:33.602+0700][gc,start    ] GC(0) Pause Young (Normal) (G1 Evacuation Pause)
[2025-03-15T17:51:33.602+0700][gc,task     ] GC(0) Using 10 workers of 10 for evacuation
[2025-03-15T17:51:33.607+0700][gc,phases   ] GC(0)   Pre Evacuate Collection Set: 0.11ms
[2025-03-15T17:51:33.607+0700][gc,phases   ] GC(0)   Merge Heap Roots: 0.11ms
[2025-03-15T17:51:33.607+0700][gc,phases   ] GC(0)   Evacuate Collection Set: 3.67ms
[2025-03-15T17:51:33.607+0700][gc,phases   ] GC(0)   Post Evacuate Collection Set: 0.62ms
[2025-03-15T17:51:33.607+0700][gc,phases   ] GC(0)   Other: 0.76ms
[2025-03-15T17:51:33.607+0700][gc,heap     ] GC(0) Eden regions: 51->0(44)
[2025-03-15T17:51:33.607+0700][gc,heap     ] GC(0) Survivor regions: 0->7(7)
[2025-03-15T17:51:33.607+0700][gc,heap     ] GC(0) Old regions: 2->3
[2025-03-15T17:51:33.607+0700][gc,heap     ] GC(0) Humongous regions: 0->0
[2025-03-15T17:51:33.607+0700][gc,metaspace] GC(0) Metaspace: 16881K(17088K)->16881K(17088K) NonClass: 14823K(14912K)->14823K(14912K) Class: 2057K(2176K)->2057K(2176K)
[2025-03-15T17:51:33.607+0700][gc          ] GC(0) Pause Young (Normal) (G1 Evacuation Pause) 52M->9M(1024M) 5.586ms
[2025-03-15T17:51:33.607+0700][gc,cpu      ] GC(0) User=0.02s Sys=0.01s Real=0.00s
[2025-03-15T17:51:33.788+0700][gc,start    ] GC(1) Pause Young (Concurrent Start) (Metadata GC Threshold)
[2025-03-15T17:51:33.788+0700][gc,task     ] GC(1) Using 10 workers of 10 for evacuation
[2025-03-15T17:51:33.793+0700][gc,phases   ] GC(1)   Pre Evacuate Collection Set: 0.17ms
[2025-03-15T17:51:33.793+0700][gc,phases   ] GC(1)   Merge Heap Roots: 0.08ms
[2025-03-15T17:51:33.793+0700][gc,phases   ] GC(1)   Evacuate Collection Set: 3.41ms
[2025-03-15T17:51:33.793+0700][gc,phases   ] GC(1)   Post Evacuate Collection Set: 0.41ms
[2025-03-15T17:51:33.793+0700][gc,phases   ] GC(1)   Other: 0.11ms
[2025-03-15T17:51:33.793+0700][gc,heap     ] GC(1) Eden regions: 18->0(49)
[2025-03-15T17:51:33.793+0700][gc,heap     ] GC(1) Survivor regions: 7->2(7)
[2025-03-15T17:51:33.793+0700][gc,heap     ] GC(1) Old regions: 3->11
[2025-03-15T17:51:33.793+0700][gc,heap     ] GC(1) Humongous regions: 0->0
[2025-03-15T17:51:33.793+0700][gc,metaspace] GC(1) Metaspace: 21293K(21504K)->21293K(21504K) NonClass: 18699K(18816K)->18699K(18816K) Class: 2594K(2688K)->2594K(2688K)
[2025-03-15T17:51:33.793+0700][gc          ] GC(1) Pause Young (Concurrent Start) (Metadata GC Threshold) 26M->10M(1024M) 4.429ms
[2025-03-15T17:51:33.793+0700][gc,cpu      ] GC(1) User=0.02s Sys=0.01s Real=0.01s
[2025-03-15T17:51:33.793+0700][gc          ] GC(2) Concurrent Mark Cycle
[2025-03-15T17:51:33.793+0700][gc,marking  ] GC(2) Concurrent Scan Root Regions
[2025-03-15T17:51:33.794+0700][gc,marking  ] GC(2) Concurrent Scan Root Regions 1.447ms
[2025-03-15T17:51:33.794+0700][gc,marking  ] GC(2) Concurrent Mark
[2025-03-15T17:51:33.794+0700][gc,marking  ] GC(2) Concurrent Mark From Roots
[2025-03-15T17:51:33.794+0700][gc,task     ] GC(2) Using 3 workers of 3 for marking
[2025-03-15T17:51:33.796+0700][gc,marking  ] GC(2) Concurrent Mark From Roots 1.621ms
[2025-03-15T17:51:33.796+0700][gc,marking  ] GC(2) Concurrent Preclean
[2025-03-15T17:51:33.796+0700][gc,marking  ] GC(2) Concurrent Preclean 0.018ms
[2025-03-15T17:51:33.796+0700][gc,start    ] GC(2) Pause Remark
[2025-03-15T17:51:33.798+0700][gc          ] GC(2) Pause Remark 11M->11M(1024M) 1.525ms
[2025-03-15T17:51:33.798+0700][gc,cpu      ] GC(2) User=0.01s Sys=0.00s Real=0.00s
[2025-03-15T17:51:33.798+0700][gc,marking  ] GC(2) Concurrent Mark 3.632ms
[2025-03-15T17:51:33.798+0700][gc,marking  ] GC(2) Concurrent Rebuild Remembered Sets and Scrub Regions
[2025-03-15T17:51:33.800+0700][gc,marking  ] GC(2) Concurrent Rebuild Remembered Sets and Scrub Regions 1.543ms
[2025-03-15T17:51:33.800+0700][gc,start    ] GC(2) Pause Cleanup
[2025-03-15T17:51:33.800+0700][gc          ] GC(2) Pause Cleanup 11M->11M(1024M) 0.037ms
[2025-03-15T17:51:33.800+0700][gc,cpu      ] GC(2) User=0.00s Sys=0.00s Real=0.00s
[2025-03-15T17:51:33.800+0700][gc,marking  ] GC(2) Concurrent Clear Claimed Marks
[2025-03-15T17:51:33.800+0700][gc,marking  ] GC(2) Concurrent Clear Claimed Marks 0.032ms
[2025-03-15T17:51:33.800+0700][gc,marking  ] GC(2) Concurrent Cleanup for Next Mark
[2025-03-15T17:51:33.805+0700][gc,marking  ] GC(2) Concurrent Cleanup for Next Mark 5.115ms
[2025-03-15T17:51:33.805+0700][gc          ] GC(2) Concurrent Mark Cycle 12.219ms
[2025-03-15T17:51:34.475+0700][gc,start    ] GC(3) Pause Young (Prepare Mixed) (G1 Evacuation Pause)
[2025-03-15T17:51:34.476+0700][gc,task     ] GC(3) Using 10 workers of 10 for evacuation
[2025-03-15T17:51:34.479+0700][gc,phases   ] GC(3)   Pre Evacuate Collection Set: 0.11ms
[2025-03-15T17:51:34.479+0700][gc,phases   ] GC(3)   Merge Heap Roots: 0.08ms
[2025-03-15T17:51:34.479+0700][gc,phases   ] GC(3)   Evacuate Collection Set: 2.87ms
[2025-03-15T17:51:34.479+0700][gc,phases   ] GC(3)   Post Evacuate Collection Set: 0.55ms
[2025-03-15T17:51:34.479+0700][gc,phases   ] GC(3)   Other: 0.09ms
[2025-03-15T17:51:34.479+0700][gc,heap     ] GC(3) Eden regions: 49->0(44)
[2025-03-15T17:51:34.479+0700][gc,heap     ] GC(3) Survivor regions: 2->7(7)
[2025-03-15T17:51:34.479+0700][gc,heap     ] GC(3) Old regions: 11->11
[2025-03-15T17:51:34.479+0700][gc,heap     ] GC(3) Humongous regions: 129->129
[2025-03-15T17:51:34.479+0700][gc,metaspace] GC(3) Metaspace: 32644K(32896K)->32644K(32896K) NonClass: 28966K(29120K)->28966K(29120K) Class: 3678K(3776K)->3678K(3776K)
[2025-03-15T17:51:34.479+0700][gc          ] GC(3) Pause Young (Prepare Mixed) (G1 Evacuation Pause) 188M->144M(1024M) 3.911ms
[2025-03-15T17:51:34.479+0700][gc,cpu      ] GC(3) User=0.03s Sys=0.01s Real=0.00s
[2025-03-15T17:51:34.652+0700][gc,start    ] GC(4) Pause Young (Mixed) (Metadata GC Threshold)
[2025-03-15T17:51:34.652+0700][gc,task     ] GC(4) Using 10 workers of 10 for evacuation
[2025-03-15T17:51:34.657+0700][gc,phases   ] GC(4)   Pre Evacuate Collection Set: 0.18ms
[2025-03-15T17:51:34.657+0700][gc,phases   ] GC(4)   Merge Heap Roots: 0.07ms
[2025-03-15T17:51:34.657+0700][gc,phases   ] GC(4)   Evacuate Collection Set: 3.53ms
[2025-03-15T17:51:34.657+0700][gc,phases   ] GC(4)   Post Evacuate Collection Set: 0.42ms
[2025-03-15T17:51:34.657+0700][gc,phases   ] GC(4)   Other: 0.09ms
[2025-03-15T17:51:34.657+0700][gc,heap     ] GC(4) Eden regions: 13->0(49)
[2025-03-15T17:51:34.657+0700][gc,heap     ] GC(4) Survivor regions: 7->2(7)
[2025-03-15T17:51:34.657+0700][gc,heap     ] GC(4) Old regions: 11->16
[2025-03-15T17:51:34.657+0700][gc,heap     ] GC(4) Humongous regions: 129->129
[2025-03-15T17:51:34.657+0700][gc,metaspace] GC(4) Metaspace: 35625K(35968K)->35625K(35968K) NonClass: 31562K(31744K)->31562K(31744K) Class: 4062K(4224K)->4062K(4224K)
[2025-03-15T17:51:34.657+0700][gc          ] GC(4) Pause Young (Mixed) (Metadata GC Threshold) 157M->145M(1024M) 4.544ms
[2025-03-15T17:51:34.657+0700][gc,cpu      ] GC(4) User=0.04s Sys=0.01s Real=0.00s
[2025-03-15T17:51:34.669+0700][gc,start    ] GC(5) Pause Young (Concurrent Start) (Metadata GC Threshold)
[2025-03-15T17:51:34.669+0700][gc,task     ] GC(5) Using 10 workers of 10 for evacuation
[2025-03-15T17:51:34.671+0700][gc,phases   ] GC(5)   Pre Evacuate Collection Set: 0.18ms
[2025-03-15T17:51:34.671+0700][gc,phases   ] GC(5)   Merge Heap Roots: 0.09ms
[2025-03-15T17:51:34.671+0700][gc,phases   ] GC(5)   Evacuate Collection Set: 0.90ms
[2025-03-15T17:51:34.671+0700][gc,phases   ] GC(5)   Post Evacuate Collection Set: 0.29ms
[2025-03-15T17:51:34.671+0700][gc,phases   ] GC(5)   Other: 0.10ms
[2025-03-15T17:51:34.671+0700][gc,heap     ] GC(5) Eden regions: 2->0(50)
[2025-03-15T17:51:34.671+0700][gc,heap     ] GC(5) Survivor regions: 2->1(7)
[2025-03-15T17:51:34.671+0700][gc,heap     ] GC(5) Old regions: 16->16
[2025-03-15T17:51:34.671+0700][gc,heap     ] GC(5) Humongous regions: 129->129
[2025-03-15T17:51:34.671+0700][gc,metaspace] GC(5) Metaspace: 35924K(36288K)->35924K(36288K) NonClass: 31818K(32000K)->31818K(32000K) Class: 4105K(4288K)->4105K(4288K)
[2025-03-15T17:51:34.671+0700][gc          ] GC(5) Pause Young (Concurrent Start) (Metadata GC Threshold) 147M->145M(1024M) 1.750ms
[2025-03-15T17:51:34.671+0700][gc,cpu      ] GC(5) User=0.01s Sys=0.00s Real=0.01s
[2025-03-15T17:51:34.671+0700][gc          ] GC(6) Concurrent Mark Cycle
[2025-03-15T17:51:34.671+0700][gc,marking  ] GC(6) Concurrent Scan Root Regions
[2025-03-15T17:51:34.672+0700][gc,marking  ] GC(6) Concurrent Scan Root Regions 1.030ms
[2025-03-15T17:51:34.672+0700][gc,marking  ] GC(6) Concurrent Mark
[2025-03-15T17:51:34.672+0700][gc,marking  ] GC(6) Concurrent Mark From Roots
[2025-03-15T17:51:34.672+0700][gc,task     ] GC(6) Using 3 workers of 3 for marking
[2025-03-15T17:51:34.681+0700][gc,marking  ] GC(6) Concurrent Mark From Roots 8.843ms
[2025-03-15T17:51:34.681+0700][gc,marking  ] GC(6) Concurrent Preclean
[2025-03-15T17:51:34.681+0700][gc,marking  ] GC(6) Concurrent Preclean 0.046ms
[2025-03-15T17:51:34.681+0700][gc,start    ] GC(6) Pause Remark
[2025-03-15T17:51:34.683+0700][gc          ] GC(6) Pause Remark 145M->145M(1024M) 1.539ms
[2025-03-15T17:51:34.683+0700][gc,cpu      ] GC(6) User=0.01s Sys=0.00s Real=0.00s
[2025-03-15T17:51:34.683+0700][gc,marking  ] GC(6) Concurrent Mark 10.695ms
[2025-03-15T17:51:34.683+0700][gc,marking  ] GC(6) Concurrent Rebuild Remembered Sets and Scrub Regions
[2025-03-15T17:51:34.687+0700][gc,marking  ] GC(6) Concurrent Rebuild Remembered Sets and Scrub Regions 3.546ms
[2025-03-15T17:51:34.687+0700][gc,start    ] GC(6) Pause Cleanup
[2025-03-15T17:51:34.687+0700][gc          ] GC(6) Pause Cleanup 146M->146M(1024M) 0.043ms
[2025-03-15T17:51:34.687+0700][gc,cpu      ] GC(6) User=0.00s Sys=0.00s Real=0.00s
[2025-03-15T17:51:34.687+0700][gc,marking  ] GC(6) Concurrent Clear Claimed Marks
[2025-03-15T17:51:34.687+0700][gc,marking  ] GC(6) Concurrent Clear Claimed Marks 0.025ms
[2025-03-15T17:51:34.687+0700][gc,marking  ] GC(6) Concurrent Cleanup for Next Mark
[2025-03-15T17:51:34.688+0700][gc,marking  ] GC(6) Concurrent Cleanup for Next Mark 1.179ms
[2025-03-15T17:51:34.688+0700][gc          ] GC(6) Concurrent Mark Cycle 16.838ms
[2025-03-15T18:46:34.789+0700][gc,start    ] GC(7) Pause Young (Prepare Mixed) (G1 Evacuation Pause)
[2025-03-15T18:46:34.789+0700][gc,task     ] GC(7) Using 10 workers of 10 for evacuation
[2025-03-15T18:46:34.792+0700][gc,phases   ] GC(7)   Pre Evacuate Collection Set: 0.33ms
[2025-03-15T18:46:34.792+0700][gc,phases   ] GC(7)   Merge Heap Roots: 0.17ms
[2025-03-15T18:46:34.792+0700][gc,phases   ] GC(7)   Evacuate Collection Set: 1.60ms
[2025-03-15T18:46:34.792+0700][gc,phases   ] GC(7)   Post Evacuate Collection Set: 0.43ms
[2025-03-15T18:46:34.792+0700][gc,phases   ] GC(7)   Other: 0.18ms
[2025-03-15T18:46:34.792+0700][gc,heap     ] GC(7) Eden regions: 50->0(50)
[2025-03-15T18:46:34.792+0700][gc,heap     ] GC(7) Survivor regions: 1->1(7)
[2025-03-15T18:46:34.792+0700][gc,heap     ] GC(7) Old regions: 16->16
[2025-03-15T18:46:34.792+0700][gc,heap     ] GC(7) Humongous regions: 129->129
[2025-03-15T18:46:34.792+0700][gc,metaspace] GC(7) Metaspace: 37536K(37888K)->37536K(37888K) NonClass: 33263K(33472K)->33263K(33472K) Class: 4273K(4416K)->4273K(4416K)
[2025-03-15T18:46:34.792+0700][gc          ] GC(7) Pause Young (Prepare Mixed) (G1 Evacuation Pause) 195M->145M(1024M) 3.130ms
[2025-03-15T18:46:34.792+0700][gc,cpu      ] GC(7) User=0.02s Sys=0.00s Real=0.01s
[2025-03-15T19:57:45.919+0700][gc,heap,exit] Heap
[2025-03-15T19:57:45.919+0700][gc,heap,exit]  garbage-first heap   total reserved 1048576K, committed 1048576K, used 185788K [0x00000007c0000000, 0x0000000800000000)
[2025-03-15T19:57:45.919+0700][gc,heap,exit]   region size 1024K, 37 young (37888K), 1 survivors (1024K)
[2025-03-15T19:57:45.919+0700][gc,heap,exit]  Metaspace       used 38736K, committed 39104K, reserved 1114112K
[2025-03-15T19:57:45.919+0700][gc,heap,exit]   class space    used 4465K, committed 4608K, reserved 1048576K
